---
source: tests/parsers_snapshot.rs
expression: summaries
---
[
  {
    "id": "claude-sess-001",
    "agent_type": "claude_code",
    "folder_path": "/tmp/demo",
    "folder_name": "demo",
    "title": "hello",
    "started_at": "[ts]",
    "ended_at": "[ts]",
    "message_count": 2,
    "model": "claude-sonnet-4-6",
    "git_branch": "main",
    "archived": false
  }
]
